Archive member included to satisfy reference by file (symbol)

/opt/gcc-arm-none-eabi-10-2020-q4-major/bin/../lib/gcc/arm-none-eabi/10.2.1/thumb/v6-m/nofp/libgcc.a(_udivsi3.o)
                              obj/eth_internals.o (__aeabi_uidiv)
/opt/gcc-arm-none-eabi-10-2020-q4-major/bin/../lib/gcc/arm-none-eabi/10.2.1/thumb/v6-m/nofp/libgcc.a(_dvmd_tls.o)
                              /opt/gcc-arm-none-eabi-10-2020-q4-major/bin/../lib/gcc/arm-none-eabi/10.2.1/thumb/v6-m/nofp/libgcc.a(_udivsi3.o) (__aeabi_idiv0)
/opt/gcc-arm-none-eabi-10-2020-q4-major/bin/../lib/gcc/arm-none-eabi/10.2.1/thumb/v6-m/nofp/libgcc.a(_aeabi_uldivmod.o)
                              obj/eth_internals.o (__aeabi_uldivmod)
/opt/gcc-arm-none-eabi-10-2020-q4-major/bin/../lib/gcc/arm-none-eabi/10.2.1/thumb/v6-m/nofp/libgcc.a(_muldi3.o)
                              obj/eth_internals.o (__aeabi_lmul)
/opt/gcc-arm-none-eabi-10-2020-q4-major/bin/../lib/gcc/arm-none-eabi/10.2.1/thumb/v6-m/nofp/libgcc.a(_udivmoddi4.o)
                              /opt/gcc-arm-none-eabi-10-2020-q4-major/bin/../lib/gcc/arm-none-eabi/10.2.1/thumb/v6-m/nofp/libgcc.a(_aeabi_uldivmod.o) (__udivmoddi4)
/opt/gcc-arm-none-eabi-10-2020-q4-major/bin/../lib/gcc/arm-none-eabi/10.2.1/thumb/v6-m/nofp/libgcc.a(_clzdi2.o)
                              /opt/gcc-arm-none-eabi-10-2020-q4-major/bin/../lib/gcc/arm-none-eabi/10.2.1/thumb/v6-m/nofp/libgcc.a(_udivmoddi4.o) (__clzdi2)
/opt/gcc-arm-none-eabi-10-2020-q4-major/bin/../lib/gcc/arm-none-eabi/10.2.1/thumb/v6-m/nofp/libgcc.a(_clzsi2.o)
                              /opt/gcc-arm-none-eabi-10-2020-q4-major/bin/../lib/gcc/arm-none-eabi/10.2.1/thumb/v6-m/nofp/libgcc.a(_clzdi2.o) (__clzsi2)
/opt/gcc-arm-none-eabi-10-2020-q4-major/bin/../lib/gcc/arm-none-eabi/10.2.1/../../../../arm-none-eabi/lib/thumb/v6-m/nofp/libc_nano.a(lib_a-aeabi_memclr.o)
                              obj/handle_query_contract_ui.o (__aeabi_memclr)
/opt/gcc-arm-none-eabi-10-2020-q4-major/bin/../lib/gcc/arm-none-eabi/10.2.1/../../../../arm-none-eabi/lib/thumb/v6-m/nofp/libc_nano.a(lib_a-aeabi_memcpy.o)
                              obj/eth_internals.o (__aeabi_memcpy)
/opt/gcc-arm-none-eabi-10-2020-q4-major/bin/../lib/gcc/arm-none-eabi/10.2.1/../../../../arm-none-eabi/lib/thumb/v6-m/nofp/libc_nano.a(lib_a-aeabi_memmove.o)
                              obj/eth_internals.o (__aeabi_memmove)
/opt/gcc-arm-none-eabi-10-2020-q4-major/bin/../lib/gcc/arm-none-eabi/10.2.1/../../../../arm-none-eabi/lib/thumb/v6-m/nofp/libc_nano.a(lib_a-aeabi_memset.o)
                              obj/eth_internals.o (__aeabi_memset)
/opt/gcc-arm-none-eabi-10-2020-q4-major/bin/../lib/gcc/arm-none-eabi/10.2.1/../../../../arm-none-eabi/lib/thumb/v6-m/nofp/libc_nano.a(lib_a-memcmp.o)
                              obj/os.o (memcmp)
/opt/gcc-arm-none-eabi-10-2020-q4-major/bin/../lib/gcc/arm-none-eabi/10.2.1/../../../../arm-none-eabi/lib/thumb/v6-m/nofp/libc_nano.a(lib_a-memcpy-stub.o)
                              /opt/gcc-arm-none-eabi-10-2020-q4-major/bin/../lib/gcc/arm-none-eabi/10.2.1/../../../../arm-none-eabi/lib/thumb/v6-m/nofp/libc_nano.a(lib_a-aeabi_memcpy.o) (memcpy)
/opt/gcc-arm-none-eabi-10-2020-q4-major/bin/../lib/gcc/arm-none-eabi/10.2.1/../../../../arm-none-eabi/lib/thumb/v6-m/nofp/libc_nano.a(lib_a-memmove.o)
                              /opt/gcc-arm-none-eabi-10-2020-q4-major/bin/../lib/gcc/arm-none-eabi/10.2.1/../../../../arm-none-eabi/lib/thumb/v6-m/nofp/libc_nano.a(lib_a-aeabi_memmove.o) (memmove)
/opt/gcc-arm-none-eabi-10-2020-q4-major/bin/../lib/gcc/arm-none-eabi/10.2.1/../../../../arm-none-eabi/lib/thumb/v6-m/nofp/libc_nano.a(lib_a-memset.o)
                              /opt/gcc-arm-none-eabi-10-2020-q4-major/bin/../lib/gcc/arm-none-eabi/10.2.1/../../../../arm-none-eabi/lib/thumb/v6-m/nofp/libc_nano.a(lib_a-aeabi_memset.o) (memset)
/opt/gcc-arm-none-eabi-10-2020-q4-major/bin/../lib/gcc/arm-none-eabi/10.2.1/../../../../arm-none-eabi/lib/thumb/v6-m/nofp/libc_nano.a(lib_a-setjmp.o)
                              obj/main.o (setjmp)
/opt/gcc-arm-none-eabi-10-2020-q4-major/bin/../lib/gcc/arm-none-eabi/10.2.1/../../../../arm-none-eabi/lib/thumb/v6-m/nofp/libc_nano.a(lib_a-strlcat.o)
                              obj/eth_internals.o (strlcat)
/opt/gcc-arm-none-eabi-10-2020-q4-major/bin/../lib/gcc/arm-none-eabi/10.2.1/../../../../arm-none-eabi/lib/thumb/v6-m/nofp/libc_nano.a(lib_a-strlcpy.o)
                              obj/eth_internals.o (strlcpy)
/opt/gcc-arm-none-eabi-10-2020-q4-major/bin/../lib/gcc/arm-none-eabi/10.2.1/../../../../arm-none-eabi/lib/thumb/v6-m/nofp/libc_nano.a(lib_a-strlen.o)
                              obj/os_io_seproxyhal.o (strlen)
/opt/gcc-arm-none-eabi-10-2020-q4-major/bin/../lib/gcc/arm-none-eabi/10.2.1/../../../../arm-none-eabi/lib/thumb/v6-m/nofp/libc_nano.a(lib_a-strnlen.o)
                              obj/eth_internals.o (strnlen)

Discarded input sections

 .text          0x0000000000000000        0x0 obj/checks.o
[...]
Memory Configuration

Name             Origin             Length             Attributes
DISCARD          0x00000000d0000000 0x0000000000100000 xrw
FLASH            0x00000000c0d00000 0x0000000000064000 xr
SRAM             0x0000000020000200 0x0000000000001200 xrw
CXSRAM           0x0000000020001400 0x0000000000000400 xrw
*default*        0x0000000000000000 0xffffffffffffffff

Linker script and memory map

LOAD obj/checks.o
LOAD obj/cx_stubs.o
LOAD obj/eth_internals.o
LOAD obj/glyphs.o
LOAD obj/handle_finalize.o
LOAD obj/handle_init_contract.o
LOAD obj/handle_provide_parameter.o
LOAD obj/handle_provide_token.o
LOAD obj/handle_query_contract_id.o
LOAD obj/handle_query_contract_ui.o
LOAD obj/main.o
LOAD obj/os.o
LOAD obj/os_io_seproxyhal.o
LOAD obj/os_io_task.o
LOAD obj/os_io_usb.o
LOAD obj/os_printf.o
LOAD obj/pic.o
LOAD obj/pic_internal.o
LOAD obj/printf.o
LOAD obj/svc_call.o
LOAD obj/svc_cx_call.o
LOAD obj/syscalls.o
LOAD obj/utils.o
LOAD obj/ux_flow_engine.o
LOAD obj/ux_layout_bb.o
LOAD obj/ux_layout_bn.o
LOAD obj/ux_layout_bnn.o
LOAD obj/ux_layout_bnnn.o
LOAD obj/ux_layout_nn.o
LOAD obj/ux_layout_nnbnn.o
LOAD obj/ux_layout_nnn.o
LOAD obj/ux_layout_nnnn.o
LOAD obj/ux_layout_paging.o
LOAD obj/ux_layout_paging_compute.o
LOAD obj/ux_layout_pb.o
LOAD obj/ux_layout_pbb.o
LOAD obj/ux_layout_pn.o
LOAD obj/ux_layout_pnn.o
LOAD obj/ux_layout_utils.o
LOAD obj/ux_legacy.o
LOAD obj/ux_menulist.o
LOAD obj/ux_stack.o
LOAD /opt/gcc-arm-none-eabi-10-2020-q4-major/bin/../lib/gcc/arm-none-eabi/10.2.1/../../../../arm-none-eabi/lib/thumb/v6-m/nofp/libm.a
LOAD /opt/gcc-arm-none-eabi-10-2020-q4-major/bin/../lib/gcc/arm-none-eabi/10.2.1/thumb/v6-m/nofp/libgcc.a
LOAD /opt/gcc-arm-none-eabi-10-2020-q4-major/bin/../lib/gcc/arm-none-eabi/10.2.1/../../../../arm-none-eabi/lib/thumb/v6-m/nofp/libc_nano.a
START GROUP
LOAD /opt/gcc-arm-none-eabi-10-2020-q4-major/bin/../lib/gcc/arm-none-eabi/10.2.1/thumb/v6-m/nofp/libgcc.a
LOAD /opt/gcc-arm-none-eabi-10-2020-q4-major/bin/../lib/gcc/arm-none-eabi/10.2.1/../../../../arm-none-eabi/lib/thumb/v6-m/nofp/libg_nano.a
LOAD /opt/gcc-arm-none-eabi-10-2020-q4-major/bin/../lib/gcc/arm-none-eabi/10.2.1/../../../../arm-none-eabi/lib/thumb/v6-m/nofp/libc_nano.a
END GROUP
START GROUP
LOAD /opt/gcc-arm-none-eabi-10-2020-q4-major/bin/../lib/gcc/arm-none-eabi/10.2.1/thumb/v6-m/nofp/libgcc.a
LOAD /opt/gcc-arm-none-eabi-10-2020-q4-major/bin/../lib/gcc/arm-none-eabi/10.2.1/../../../../arm-none-eabi/lib/thumb/v6-m/nofp/libc_nano.a
END GROUP
                0x0000000000000040                PAGE_SIZE = 0x40
                0x0000000000000400                STACK_SIZE = DEFINED (stack_size)?stack_size:0x400
                0x0000000020001400                END_STACK = (ORIGIN (SRAM) + LENGTH (SRAM))
                0x0000000000000000                OFF_G_cx = (0x20001400 - ORIGIN (CXSRAM))
                0x0000000000120001                _cx_trampoline = 0x120001

.text           0x00000000c0d00000     0x1300
                0x00000000c0d00000                _text = .
                0x00000000c0d00000                _nvram_start = .
 *(.boot*)
 .boot          0x00000000c0d00000       0x84 obj/main.o
                0x00000000c0d00000                main
 *(.text*)
 .text.handle_finalize
                0x00000000c0d00084       0x12 obj/handle_finalize.o
                0x00000000c0d00084                handle_finalize
 *fill*         0x00000000c0d00096        0x2 00
 .text.handle_init_contract
                0x00000000c0d00098       0xf4 obj/handle_init_contract.o
                0x00000000c0d00098                handle_init_contract
 .text.copy_offset
                0x00000000c0d0018c       0x4c obj/handle_provide_parameter.o
                0x00000000c0d0018c                copy_offset
 .text.handle_provide_parameter
                0x00000000c0d001d8       0x54 obj/handle_provide_parameter.o
                0x00000000c0d001d8                handle_provide_parameter
 .text.handle_create
                0x00000000c0d0022c      0x268 obj/handle_provide_parameter.o
 .text.handle_provide_token
                0x00000000c0d00494       0x4c obj/handle_provide_token.o
                0x00000000c0d00494                handle_provide_token
 .text.handle_query_contract_id
                0x00000000c0d004e0       0xcc obj/handle_query_contract_id.o
                0x00000000c0d004e0                handle_query_contract_id
 .text.handle_query_contract_ui
                0x00000000c0d005ac       0x54 obj/handle_query_contract_ui.o
                0x00000000c0d005ac                handle_query_contract_ui
 .text.dispatch_plugin_calls
                0x00000000c0d00600       0x78 obj/main.o
                0x00000000c0d00600                dispatch_plugin_calls
 .text.os_boot  0x00000000c0d00678        0xa obj/os.o
                0x00000000c0d00678                os_boot
 .text.os_longjmp
                0x00000000c0d00682        0xc obj/os.o
                0x00000000c0d00682                os_longjmp
 *fill*         0x00000000c0d0068e        0x2 00
 .text.semihosted_printf
                0x00000000c0d00690      0x36c obj/printf.o
                0x00000000c0d00690                semihosted_printf
 .text.prints   0x00000000c0d009fc       0x42 obj/printf.o
 .text          0x00000000c0d00a3e        0xe obj/svc_call.o
                0x00000000c0d00a3e                SVC_Call
 .text.get_api_level
                0x00000000c0d00a4c       0x1c obj/syscalls.o
                0x00000000c0d00a4c                get_api_level
 .text.os_lib_call
                0x00000000c0d00a68       0x1c obj/syscalls.o
                0x00000000c0d00a68                os_lib_call
 .text.os_lib_end
                0x00000000c0d00a84       0x18 obj/syscalls.o
                0x00000000c0d00a84                os_lib_end
 .text.os_sched_exit
                0x00000000c0d00a9c       0x1c obj/syscalls.o
                0x00000000c0d00a9c                os_sched_exit
 .text.try_context_get
                0x00000000c0d00ab8       0x18 obj/syscalls.o
                0x00000000c0d00ab8                try_context_get
 .text.try_context_set
                0x00000000c0d00ad0       0x1c obj/syscalls.o
                0x00000000c0d00ad0                try_context_set
 .text          0x00000000c0d00aec      0x114 /opt/gcc-arm-none-eabi-10-2020-q4-major/bin/../lib/gcc/arm-none-eabi/10.2.1/thumb/v6-m/nofp/libgcc.a(_udivsi3.o)
                0x00000000c0d00aec                __udivsi3
                0x00000000c0d00aec                __aeabi_uidiv
                0x00000000c0d00bf8                __aeabi_uidivmod
 .text          0x00000000c0d00c00        0x4 /opt/gcc-arm-none-eabi-10-2020-q4-major/bin/../lib/gcc/arm-none-eabi/10.2.1/thumb/v6-m/nofp/libgcc.a(_dvmd_tls.o)
                0x00000000c0d00c00                __aeabi_ldiv0
                0x00000000c0d00c00                __aeabi_idiv0
 .text          0x00000000c0d00c04       0x5c /opt/gcc-arm-none-eabi-10-2020-q4-major/bin/../lib/gcc/arm-none-eabi/10.2.1/thumb/v6-m/nofp/libgcc.a(_muldi3.o)
                0x00000000c0d00c04                __aeabi_lmul
                0x00000000c0d00c04                __muldi3
 .text.__aeabi_memclr
                0x00000000c0d00c60        0xa /opt/gcc-arm-none-eabi-10-2020-q4-major/bin/../lib/gcc/arm-none-eabi/10.2.1/../../../../arm-none-eabi/lib/thumb/v6-m/nofp/libc_nano.a(lib_a-aeabi_memclr.o)
                0x00000000c0d00c60                __aeabi_memclr8
                0x00000000c0d00c60                __aeabi_memclr
                0x00000000c0d00c60                __aeabi_memclr4
 .text.__aeabi_memcpy
                0x00000000c0d00c6a        0x8 /opt/gcc-arm-none-eabi-10-2020-q4-major/bin/../lib/gcc/arm-none-eabi/10.2.1/../../../../arm-none-eabi/lib/thumb/v6-m/nofp/libc_nano.a(lib_a-aeabi_memcpy.o)
                0x00000000c0d00c6a                __aeabi_memcpy
                0x00000000c0d00c6a                __aeabi_memcpy4
                0x00000000c0d00c6a                __aeabi_memcpy8
 .text.__aeabi_memset
                0x00000000c0d00c72        0xe /opt/gcc-arm-none-eabi-10-2020-q4-major/bin/../lib/gcc/arm-none-eabi/10.2.1/../../../../arm-none-eabi/lib/thumb/v6-m/nofp/libc_nano.a(lib_a-aeabi_memset.o)
                0x00000000c0d00c72                __aeabi_memset
                0x00000000c0d00c72                __aeabi_memset8
                0x00000000c0d00c72                __aeabi_memset4
 .text.memcpy   0x00000000c0d00c80       0x12 /opt/gcc-arm-none-eabi-10-2020-q4-major/bin/../lib/gcc/arm-none-eabi/10.2.1/../../../../arm-none-eabi/lib/thumb/v6-m/nofp/libc_nano.a(lib_a-memcpy-stub.o)
                0x00000000c0d00c80                memcpy
 .text.memset   0x00000000c0d00c92       0x10 /opt/gcc-arm-none-eabi-10-2020-q4-major/bin/../lib/gcc/arm-none-eabi/10.2.1/../../../../arm-none-eabi/lib/thumb/v6-m/nofp/libc_nano.a(lib_a-memset.o)
                0x00000000c0d00c92                memset
 .text          0x00000000c0d00ca2       0x34 /opt/gcc-arm-none-eabi-10-2020-q4-major/bin/../lib/gcc/arm-none-eabi/10.2.1/../../../../arm-none-eabi/lib/thumb/v6-m/nofp/libc_nano.a(lib_a-setjmp.o)
                0x00000000c0d00ca2                setjmp
                0x00000000c0d00cba                longjmp
 .text.strlcpy  0x00000000c0d00cd6       0x4c /opt/gcc-arm-none-eabi-10-2020-q4-major/bin/../lib/gcc/arm-none-eabi/10.2.1/../../../../arm-none-eabi/lib/thumb/v6-m/nofp/libc_nano.a(lib_a-strlcpy.o)
                0x00000000c0d00cd6                strlcpy
 *(.rodata)
 *(.rodata.[^N]*)
 .rodata.str1.1
                0x00000000c0d00d22       0xf1 obj/handle_init_contract.o
 .rodata.str1.1
                0x00000000c0d00e13      0x36a obj/handle_provide_parameter.o
 .rodata.str1.1
                0x00000000c0d0117d       0x3b obj/handle_provide_token.o
 .rodata.str1.1
                0x00000000c0d011b8       0xad obj/handle_query_contract_id.o
 .rodata.str1.1
                0x00000000c0d01265       0x2d obj/handle_query_contract_ui.o
 .rodata.str1.1
                0x00000000c0d01292       0x1f obj/main.o
 .rodata.cst16  0x00000000c0d012b1       0x20 obj/printf.o
 *(.rodata.N[^_]*)
 *fill*         0x00000000c0d012d1        0x3 00
 .rodata.NESTED_SELECTORS
                0x00000000c0d012d4       0x18 obj/main.o
                0x00000000c0d012d4                NESTED_SELECTORS
                0x00000000c0d012ec                . = ALIGN (0x4)
                0x00000000c0d012ec                _etext = .
                0x00000000c0d01300                . = ALIGN (PAGE_SIZE)
 *fill*         0x00000000c0d012ec       0x14 00
                0x00000000c0d01300                _nvram_data = .
 *(.bss.N_* .rodata.N_*)
                0x00000000c0d01300                . = ALIGN (PAGE_SIZE)
                0x00000000c0d01300                _envram_data = .
                0x00000000c0d01300                _install_parameters = .
                0x00000000c0d01300                _nvram_end = .

.glue_7         0x00000000c0d01300        0x0
 .glue_7        0x00000000c0d01300        0x0 linker stubs

.glue_7t        0x00000000c0d01300        0x0
 .glue_7t       0x00000000c0d01300        0x0 linker stubs

.vfp11_veneer   0x00000000c0d01300        0x0
 .vfp11_veneer  0x00000000c0d01300        0x0 linker stubs

.v4_bx          0x00000000c0d01300        0x0
 .v4_bx         0x00000000c0d01300        0x0 linker stubs

.iplt           0x00000000c0d01300        0x0
 .iplt          0x00000000c0d01300        0x0 obj/handle_finalize.o

.data           0x00000000d0000000        0x0
                0x00000000d0000000                . = ALIGN (0x4)
                0x00000000d0000000                _data = .
 *(vtable)
 *(.data*)
                0x00000000d0000000                _edata = .

.igot.plt       0x00000000d0000000        0x0
 .igot.plt      0x00000000d0000000        0x0 obj/handle_finalize.o

.cx_ram         0x0000000020001400      0x400
                0x0000000020001400                _cxram = .
                0x0000000020001400                . = (_cxram + OFF_G_cx)
 *(.bss.G_cx)
                0x0000000020001800                . = (_cxram + LENGTH (CXSRAM))
 *fill*         0x0000000020001400      0x400 00

.bss            0x0000000020000200      0x404
                0x0000000020000200                _bss = .
 *(.bss*)
                0x0000000020000200                _ebss = .
                0x0000000020000200                . = ALIGN (0x4)
                0x0000000020000200                app_stack_canary = .
                [!provide]                        PROVIDE (app_stack_canary = .)
                0x0000000020000204                . = (. + 0x4)
 *fill*         0x0000000020000200        0x4 00
                0x0000000020000204                _stack_validation = .
                0x0000000020000604                . = (_stack_validation + STACK_SIZE)
 *fill*         0x0000000020000204      0x400 00
                0x0000000020001000                _stack = (ABSOLUTE (END_STACK) - STACK_SIZE)
                [!provide]                        PROVIDE (_stack = (ABSOLUTE (END_STACK) - STACK_SIZE))
                0x0000000020001400                _estack = ABSOLUTE (END_STACK)
                [!provide]                        PROVIDE (_estack = ABSOLUTE (END_STACK))

DEBUG           0x00000000d0000000        0x8
 libc.a(*)
 libm.a(*)
 libgcc.a(*)
 *(.ARM.exidx* .gnu.linkonce.armexidx.*)
 .ARM.exidx.text.handle_finalize
                0x00000000d0000000        0x0 obj/handle_finalize.o
                                          0x8 (size before relaxing)
 .ARM.exidx.text.handle_init_contract
                0x00000000d0000000        0x0 obj/handle_init_contract.o
                                          0x8 (size before relaxing)
 .ARM.exidx.text.copy_offset
                0x00000000d0000000        0x0 obj/handle_provide_parameter.o
                                          0x8 (size before relaxing)
 .ARM.exidx.text.handle_provide_parameter
                0x00000000d0000000        0x0 obj/handle_provide_parameter.o
                                          0x8 (size before relaxing)
 .ARM.exidx.text.handle_create
                0x00000000d0000000        0x0 obj/handle_provide_parameter.o
                                          0x8 (size before relaxing)
 .ARM.exidx.text.handle_provide_token
                0x00000000d0000000        0x0 obj/handle_provide_token.o
                                          0x8 (size before relaxing)
 .ARM.exidx.text.handle_query_contract_id
                0x00000000d0000000        0x0 obj/handle_query_contract_id.o
                                          0x8 (size before relaxing)
 .ARM.exidx.text.handle_query_contract_ui
                0x00000000d0000000        0x0 obj/handle_query_contract_ui.o
                                          0x8 (size before relaxing)
 .ARM.exidx.text.dispatch_plugin_calls
                0x00000000d0000000        0x0 obj/main.o
                                          0x8 (size before relaxing)
 .ARM.exidx.boot
                0x00000000d0000000        0x8 obj/main.o
 .ARM.exidx.text.os_boot
                0x00000000d0000008        0x0 obj/os.o
                                          0x8 (size before relaxing)
 .ARM.exidx.text.os_longjmp
                0x00000000d0000008        0x0 obj/os.o
                                          0x8 (size before relaxing)
 .ARM.exidx.text.semihosted_printf
                0x00000000d0000008        0x0 obj/printf.o
                                          0x8 (size before relaxing)
 .ARM.exidx.text.prints
                0x00000000d0000008        0x0 obj/printf.o
                                          0x8 (size before relaxing)
 .ARM.exidx.text.get_api_level
                0x00000000d0000008        0x0 obj/syscalls.o
                                          0x8 (size before relaxing)
 .ARM.exidx.text.os_lib_call
                0x00000000d0000008        0x0 obj/syscalls.o
                                          0x8 (size before relaxing)
 .ARM.exidx.text.os_lib_end
                0x00000000d0000008        0x0 obj/syscalls.o
                                          0x8 (size before relaxing)
 .ARM.exidx.text.os_sched_exit
                0x00000000d0000008        0x0 obj/syscalls.o
                                          0x8 (size before relaxing)
 .ARM.exidx.text.try_context_get
                0x00000000d0000008        0x0 obj/syscalls.o
                                          0x8 (size before relaxing)
 .ARM.exidx.text.try_context_set
                0x00000000d0000008        0x0 obj/syscalls.o
                                          0x8 (size before relaxing)

.rel.dyn        0x00000000d0000008        0x0
 .rel.iplt      0x00000000d0000008        0x0 obj/handle_finalize.o

/DISCARD/
 *(.ARM.extab)
 *(.gnu.hash)
 *(.hash)
 *(.dynsym)
 *(.dynstr)

.stab
 *(.stab)

.stabstr
 *(.stabstr)

.stab.excl
 *(.stab.excl)

.stab.exclstr
 *(.stab.exclstr)

.stab.index
 *(.stab.index)

.stab.indexstr
 *(.stab.indexstr)

.comment        0x0000000000000000       0x1f
 *(.comment)
 .comment       0x0000000000000000       0x1f obj/handle_finalize.o
                                         0x20 (size before relaxing)
 .comment       0x000000000000001f       0x20 obj/handle_init_contract.o
 .comment       0x000000000000001f       0x20 obj/handle_provide_parameter.o
 .comment       0x000000000000001f       0x20 obj/handle_provide_token.o
 .comment       0x000000000000001f       0x20 obj/handle_query_contract_id.o
 .comment       0x000000000000001f       0x20 obj/handle_query_contract_ui.o
 .comment       0x000000000000001f       0x20 obj/main.o
 .comment       0x000000000000001f       0x20 obj/os.o
 .comment       0x000000000000001f       0x20 obj/printf.o
 .comment       0x000000000000001f       0x20 obj/syscalls.o

.note.GNU-stack
                0x0000000000000000        0x0
 .note.GNU-stack
                0x0000000000000000        0x0 obj/handle_finalize.o
 .note.GNU-stack
                0x0000000000000000        0x0 obj/handle_init_contract.o
 .note.GNU-stack
                0x0000000000000000        0x0 obj/handle_provide_parameter.o
 .note.GNU-stack
                0x0000000000000000        0x0 obj/handle_provide_token.o
 .note.GNU-stack
                0x0000000000000000        0x0 obj/handle_query_contract_id.o
 .note.GNU-stack
                0x0000000000000000        0x0 obj/handle_query_contract_ui.o
 .note.GNU-stack
                0x0000000000000000        0x0 obj/main.o
 .note.GNU-stack
                0x0000000000000000        0x0 obj/os.o
 .note.GNU-stack
                0x0000000000000000        0x0 obj/printf.o
 .note.GNU-stack
                0x0000000000000000        0x0 obj/syscalls.o

.ARM.attributes
                0x0000000000000000       0x35
 .ARM.attributes
                0x0000000000000000       0x47 obj/handle_finalize.o
 .ARM.attributes
                0x0000000000000047       0x47 obj/handle_init_contract.o
 .ARM.attributes
                0x000000000000008e       0x47 obj/handle_provide_parameter.o
 .ARM.attributes
                0x00000000000000d5       0x47 obj/handle_provide_token.o
 .ARM.attributes
                0x000000000000011c       0x47 obj/handle_query_contract_id.o
 .ARM.attributes
                0x0000000000000163       0x47 obj/handle_query_contract_ui.o
 .ARM.attributes
                0x00000000000001aa       0x47 obj/main.o
 .ARM.attributes
                0x00000000000001f1       0x47 obj/os.o
 .ARM.attributes
                0x0000000000000238       0x47 obj/printf.o
 .ARM.attributes
                0x000000000000027f       0x1c obj/svc_call.o
 .ARM.attributes
                0x000000000000029b       0x47 obj/syscalls.o
 .ARM.attributes
                0x00000000000002e2       0x1e /opt/gcc-arm-none-eabi-10-2020-q4-major/bin/../lib/gcc/arm-none-eabi/10.2.1/thumb/v6-m/nofp/libgcc.a(_udivsi3.o)
 .ARM.attributes
                0x0000000000000300       0x1e /opt/gcc-arm-none-eabi-10-2020-q4-major/bin/../lib/gcc/arm-none-eabi/10.2.1/thumb/v6-m/nofp/libgcc.a(_dvmd_tls.o)
 .ARM.attributes
                0x000000000000031e       0x2c /opt/gcc-arm-none-eabi-10-2020-q4-major/bin/../lib/gcc/arm-none-eabi/10.2.1/thumb/v6-m/nofp/libgcc.a(_muldi3.o)
 .ARM.attributes
                0x000000000000034a       0x2c /opt/gcc-arm-none-eabi-10-2020-q4-major/bin/../lib/gcc/arm-none-eabi/10.2.1/../../../../arm-none-eabi/lib/thumb/v6-m/nofp/libc_nano.a(lib_a-aeabi_memclr.o)
 .ARM.attributes
                0x0000000000000376       0x2c /opt/gcc-arm-none-eabi-10-2020-q4-major/bin/../lib/gcc/arm-none-eabi/10.2.1/../../../../arm-none-eabi/lib/thumb/v6-m/nofp/libc_nano.a(lib_a-aeabi_memcpy.o)
 .ARM.attributes
                0x00000000000003a2       0x2c /opt/gcc-arm-none-eabi-10-2020-q4-major/bin/../lib/gcc/arm-none-eabi/10.2.1/../../../../arm-none-eabi/lib/thumb/v6-m/nofp/libc_nano.a(lib_a-aeabi_memset.o)
 .ARM.attributes
                0x00000000000003ce       0x2c /opt/gcc-arm-none-eabi-10-2020-q4-major/bin/../lib/gcc/arm-none-eabi/10.2.1/../../../../arm-none-eabi/lib/thumb/v6-m/nofp/libc_nano.a(lib_a-memcpy-stub.o)
 .ARM.attributes
                0x00000000000003fa       0x2c /opt/gcc-arm-none-eabi-10-2020-q4-major/bin/../lib/gcc/arm-none-eabi/10.2.1/../../../../arm-none-eabi/lib/thumb/v6-m/nofp/libc_nano.a(lib_a-memset.o)
 .ARM.attributes
                0x0000000000000426       0x1c /opt/gcc-arm-none-eabi-10-2020-q4-major/bin/../lib/gcc/arm-none-eabi/10.2.1/../../../../arm-none-eabi/lib/thumb/v6-m/nofp/libc_nano.a(lib_a-setjmp.o)
 .ARM.attributes
                0x0000000000000442       0x2c /opt/gcc-arm-none-eabi-10-2020-q4-major/bin/../lib/gcc/arm-none-eabi/10.2.1/../../../../arm-none-eabi/lib/thumb/v6-m/nofp/libc_nano.a(lib_a-strlcpy.o)

.debug
 *(.debug)

.line
 *(.line)

.debug_srcinfo
 *(.debug_srcinfo)

.debug_sfnames
 *(.debug_sfnames)

.debug_aranges  0x0000000000000000       0x20
 *(.debug_aranges)
 .debug_aranges
                0x0000000000000000       0x20 obj/svc_call.o

.debug_pubnames
 *(.debug_pubnames)

.debug_info     0x0000000000000000     0x6cce
 *(.debug_info .gnu.linkonce.wi.*)
 .debug_info    0x0000000000000000      0x6d9 obj/handle_finalize.o
 .debug_info    0x00000000000006d9      0x805 obj/handle_init_contract.o
 .debug_info    0x0000000000000ede      0x8dd obj/handle_provide_parameter.o
 .debug_info    0x00000000000017bb      0x767 obj/handle_provide_token.o
 .debug_info    0x0000000000001f22      0x6cc obj/handle_query_contract_id.o
 .debug_info    0x00000000000025ee      0x7bf obj/handle_query_contract_ui.o
 .debug_info    0x0000000000002dad      0x23c obj/main.o
 .debug_info    0x0000000000002fe9      0x61d obj/os.o
 .debug_info    0x0000000000003606      0x574 obj/printf.o
 .debug_info    0x0000000000003b7a       0x26 obj/svc_call.o
 .debug_info    0x0000000000003ba0     0x312e obj/syscalls.o

.debug_abbrev   0x0000000000000000      0xd4d
 *(.debug_abbrev)
 .debug_abbrev  0x0000000000000000      0x103 obj/handle_finalize.o
 .debug_abbrev  0x0000000000000103      0x164 obj/handle_init_contract.o
 .debug_abbrev  0x0000000000000267      0x17a obj/handle_provide_parameter.o
 .debug_abbrev  0x00000000000003e1      0x101 obj/handle_provide_token.o
 .debug_abbrev  0x00000000000004e2      0x101 obj/handle_query_contract_id.o
 .debug_abbrev  0x00000000000005e3      0x10e obj/handle_query_contract_ui.o
 .debug_abbrev  0x00000000000006f1      0x17b obj/main.o
 .debug_abbrev  0x000000000000086c      0x1be obj/os.o
 .debug_abbrev  0x0000000000000a2a      0x1a0 obj/printf.o
 .debug_abbrev  0x0000000000000bca       0x14 obj/svc_call.o
 .debug_abbrev  0x0000000000000bde      0x16f obj/syscalls.o

.debug_line     0x0000000000000000     0x3940
 *(.debug_line)
 .debug_line    0x0000000000000000      0x227 obj/handle_finalize.o
 .debug_line    0x0000000000000227      0x326 obj/handle_init_contract.o
 .debug_line    0x000000000000054d      0x450 obj/handle_provide_parameter.o
 .debug_line    0x000000000000099d      0x24b obj/handle_provide_token.o
 .debug_line    0x0000000000000be8      0x304 obj/handle_query_contract_id.o
 .debug_line    0x0000000000000eec      0x2c6 obj/handle_query_contract_ui.o
 .debug_line    0x00000000000011b2      0x282 obj/main.o
 .debug_line    0x0000000000001434      0x597 obj/os.o
 .debug_line    0x00000000000019cb      0x4ae obj/printf.o
 .debug_line    0x0000000000001e79       0x57 obj/svc_call.o
 .debug_line    0x0000000000001ed0     0x1a70 obj/syscalls.o

.debug_frame    0x0000000000000000     0x14f4
 *(.debug_frame)
 .debug_frame   0x0000000000000000       0x20 obj/handle_finalize.o
 .debug_frame   0x0000000000000020       0x30 obj/handle_init_contract.o
 .debug_frame   0x0000000000000050       0x68 obj/handle_provide_parameter.o
 .debug_frame   0x00000000000000b8       0x2c obj/handle_provide_token.o
 .debug_frame   0x00000000000000e4       0x2c obj/handle_query_contract_id.o
 .debug_frame   0x0000000000000110       0x2c obj/handle_query_contract_ui.o
 .debug_frame   0x000000000000013c       0x64 obj/main.o
 .debug_frame   0x00000000000001a0      0x144 obj/os.o
 .debug_frame   0x00000000000002e4       0x54 obj/printf.o
 .debug_frame   0x0000000000000338     0x1078 obj/syscalls.o
 .debug_frame   0x00000000000013b0       0x20 /opt/gcc-arm-none-eabi-10-2020-q4-major/bin/../lib/gcc/arm-none-eabi/10.2.1/thumb/v6-m/nofp/libgcc.a(_udivsi3.o)
 .debug_frame   0x00000000000013d0       0x34 /opt/gcc-arm-none-eabi-10-2020-q4-major/bin/../lib/gcc/arm-none-eabi/10.2.1/thumb/v6-m/nofp/libgcc.a(_muldi3.o)
 .debug_frame   0x0000000000001404       0x28 /opt/gcc-arm-none-eabi-10-2020-q4-major/bin/../lib/gcc/arm-none-eabi/10.2.1/../../../../arm-none-eabi/lib/thumb/v6-m/nofp/libc_nano.a(lib_a-aeabi_memclr.o)
 .debug_frame   0x000000000000142c       0x28 /opt/gcc-arm-none-eabi-10-2020-q4-major/bin/../lib/gcc/arm-none-eabi/10.2.1/../../../../arm-none-eabi/lib/thumb/v6-m/nofp/libc_nano.a(lib_a-aeabi_memcpy.o)
 .debug_frame   0x0000000000001454       0x28 /opt/gcc-arm-none-eabi-10-2020-q4-major/bin/../lib/gcc/arm-none-eabi/10.2.1/../../../../arm-none-eabi/lib/thumb/v6-m/nofp/libc_nano.a(lib_a-aeabi_memset.o)
 .debug_frame   0x000000000000147c       0x28 /opt/gcc-arm-none-eabi-10-2020-q4-major/bin/../lib/gcc/arm-none-eabi/10.2.1/../../../../arm-none-eabi/lib/thumb/v6-m/nofp/libc_nano.a(lib_a-memcpy-stub.o)
 .debug_frame   0x00000000000014a4       0x20 /opt/gcc-arm-none-eabi-10-2020-q4-major/bin/../lib/gcc/arm-none-eabi/10.2.1/../../../../arm-none-eabi/lib/thumb/v6-m/nofp/libc_nano.a(lib_a-memset.o)
 .debug_frame   0x00000000000014c4       0x30 /opt/gcc-arm-none-eabi-10-2020-q4-major/bin/../lib/gcc/arm-none-eabi/10.2.1/../../../../arm-none-eabi/lib/thumb/v6-m/nofp/libc_nano.a(lib_a-strlcpy.o)

.debug_str      0x0000000000000000     0x217a
 *(.debug_str)
 .debug_str     0x0000000000000000      0x595 obj/handle_finalize.o
                                        0x61b (size before relaxing)
 .debug_str     0x0000000000000595      0x1c6 obj/handle_init_contract.o
                                        0x752 (size before relaxing)
 .debug_str     0x000000000000075b      0x1d6 obj/handle_provide_parameter.o
                                        0x807 (size before relaxing)
 .debug_str     0x0000000000000931       0xb8 obj/handle_provide_token.o
                                        0x63d (size before relaxing)
 .debug_str     0x00000000000009e9       0x6b obj/handle_query_contract_id.o
                                        0x5f3 (size before relaxing)
 .debug_str     0x0000000000000a54       0x84 obj/handle_query_contract_ui.o
                                        0x671 (size before relaxing)
 .debug_str     0x0000000000000ad8      0x186 obj/main.o
                                        0x21c (size before relaxing)
 .debug_str     0x0000000000000c5e      0x1a3 obj/os.o
                                        0x292 (size before relaxing)
 .debug_str     0x0000000000000e01      0x11b obj/printf.o
                                        0x1dc (size before relaxing)
 .debug_str     0x0000000000000f1c       0x33 obj/svc_call.o
                                         0x54 (size before relaxing)
 .debug_str     0x0000000000000f4f     0x122b obj/syscalls.o
                                       0x1427 (size before relaxing)

.debug_loc      0x0000000000000000     0x3865
 *(.debug_loc)
 .debug_loc     0x0000000000000000       0x13 obj/handle_finalize.o
 .debug_loc     0x0000000000000013       0xed obj/handle_init_contract.o
 .debug_loc     0x0000000000000100      0x2bd obj/handle_provide_parameter.o
 .debug_loc     0x00000000000003bd       0x5a obj/handle_provide_token.o
 .debug_loc     0x0000000000000417       0x3c obj/handle_query_contract_id.o
 .debug_loc     0x0000000000000453       0x31 obj/handle_query_contract_ui.o
 .debug_loc     0x0000000000000484      0x121 obj/main.o
 .debug_loc     0x00000000000005a5      0x79e obj/os.o
 .debug_loc     0x0000000000000d43      0x74b obj/printf.o
 .debug_loc     0x000000000000148e     0x23d7 obj/syscalls.o

.debug_macinfo
 *(.debug_macinfo)

.debug_weaknames
 *(.debug_weaknames)

.debug_funcnames
 *(.debug_funcnames)

.debug_typenames
 *(.debug_typenames)

.debug_varnames
 *(.debug_varnames)
                0x00000000c0d00000                PROVIDE (_nvram = ABSOLUTE (_nvram_start))
                0x00000000c0d01300                PROVIDE (_envram = ABSOLUTE (_nvram_end))
OUTPUT(bin/app.elf elf32-littlearm)
LOAD linker stubs
LOAD /opt/gcc-arm-none-eabi-10-2020-q4-major/bin/../lib/gcc/arm-none-eabi/10.2.1/../../../../arm-none-eabi/lib/thumb/v6-m/nofp/libc.a
LOAD /opt/gcc-arm-none-eabi-10-2020-q4-major/bin/../lib/gcc/arm-none-eabi/10.2.1/../../../../arm-none-eabi/lib/thumb/v6-m/nofp/libm.a
LOAD /opt/gcc-arm-none-eabi-10-2020-q4-major/bin/../lib/gcc/arm-none-eabi/10.2.1/thumb/v6-m/nofp/libgcc.a

.debug_ranges   0x0000000000000000      0x6d0
 .debug_ranges  0x0000000000000000       0x30 obj/handle_init_contract.o
 .debug_ranges  0x0000000000000030       0x90 obj/handle_provide_parameter.o
 .debug_ranges  0x00000000000000c0       0x38 obj/main.o
 .debug_ranges  0x00000000000000f8       0xa8 obj/os.o
 .debug_ranges  0x00000000000001a0       0x78 obj/printf.o
 .debug_ranges  0x0000000000000218      0x4b8 obj/syscalls.o
